// Jest Snapshot v1, https://goo.gl/fbAQLP

exports[`<Title /> should render correctly with all props 1`] = `
<h1
  className="text-h2"
  data-testid="Test ID"
>
  Test title
</h1>
`;

exports[`<Title /> should render nothing if title is not provided 1`] = `null`;
