// Jest Snapshot v1, https://goo.gl/fbAQLP

exports[`<Subtitle /> should render correctly with all props 1`] = `
<p
  props={
    {
      "testId": "Test Id",
    }
  }
>
  Test subtitle
</p>
`;

exports[`<Subtitle /> should render nothing if subtitle is not provided 1`] = `null`;
